// Vitest Snapshot v1, https://vitest.dev/guide/snapshot.html

exports[`Home Snapshot Test > render Home 1`] = `
<DocumentFragment>
  <div
    class="h-[16vh] flex items-center justify-center bg-background"
  >
    <div
      class="text-center justify-center"
    >
      <h1
        class="text-5xl font-bold text-primary-500 underline hover:text-secondary-500 flex justify-center"
      >
        <div
          class="w-fit"
          data-testid="flowbite-tooltip-target"
        >
          <a
            href="https://x.com/ara_ta3"
            target="_blank"
          >
            ara-ta3
          </a>
        </div>
        <div
          class="absolute z-10 rounded-lg px-3 py-2 text-sm font-medium shadow-sm transition-opacity duration-300 invisible opacity-0 bg-gray-900 text-white dark:bg-gray-700 block text-center"
          data-testid="flowbite-tooltip"
          id="«r0»"
          role="tooltip"
          style="position: absolute; top: 0px; left: 0px;"
          tabindex="-1"
        >
          <div
            class="relative z-20"
          >
            Xに飛びます
          </div>
          <div
            class="absolute z-10 h-2 w-2 rotate-45 bg-gray-900 dark:bg-gray-700"
            data-testid="flowbite-tooltip-arrow"
            style="bottom: -4px;"
          >
             
          </div>
        </div>
      </h1>
      <p
        class="text-lg text-primary-700 mt-4"
      >
        portfolioのように見える遊び場です
      </p>
    </div>
  </div>
  <section
    class="py-8 bg-base"
    id="projects"
  >
    <div
      class="container mx-auto px-4"
    >
      <h2
        class="text-3xl font-bold mb-4 text-center text-primary-500"
      >
        Personal Projects
      </h2>
      <div
        class="grid grid-cols-1 md:grid-cols-2 lg:grid-cols-2 gap-4"
      >
        <a
          class="flex rounded-lg border border-gray-200 bg-white shadow-md dark:border-gray-700 dark:bg-gray-800 flex-col hover:bg-gray-100 dark:hover:bg-gray-700 w-full"
          data-testid="flowbite-card"
          href="https://nekometry.web.app/"
        >
          <div
            class="flex h-full flex-col justify-center gap-4 p-6"
          >
            <h5
              class="text-xl md:text-xl font-bold text-primary-500"
            >
              Nekometry
            </h5>
            <p
              class="font-normal text-gray-700 text-primary-700"
            >
              猫の体重と活動レベルからRER/DERとごはんの必要な量を計算します。
            </p>
          </div>
        </a>
      </div>
    </div>
  </section>
  <section
    class="py-8 bg-base"
    id="links"
  >
    <div
      class="container mx-auto px-4"
    >
      <h2
        class="text-3xl font-bold mb-4 text-center text-primary-500"
      >
        Links
      </h2>
      <div
        class="grid grid-cols-2 lg:grid-cols-4 gap-4"
      >
        <a
          href="https://x.com/ara_ta3"
          target="_blank"
        >
          <div
            class="flex rounded-lg border border-gray-200 bg-white shadow-md dark:border-gray-700 dark:bg-gray-800 flex-col w-full"
            data-testid="flowbite-card"
          >
            <div
              class="flex h-full flex-col justify-center gap-4 p-6"
            >
              <h5
                class="text-base md:text-lg text-center font-bold text-primary-700"
              >
                X(Twitter)
              </h5>
            </div>
          </div>
        </a>
        <a
          href="https://github.com/ara-ta3"
          target="_blank"
        >
          <div
            class="flex rounded-lg border border-gray-200 bg-white shadow-md dark:border-gray-700 dark:bg-gray-800 flex-col w-full"
            data-testid="flowbite-card"
          >
            <div
              class="flex h-full flex-col justify-center gap-4 p-6"
            >
              <h5
                class="text-base md:text-lg text-center font-bold text-primary-700"
              >
                GitHub
              </h5>
            </div>
          </div>
        </a>
        <a
          href="https://zenn.dev/ara_ta3"
          target="_blank"
        >
          <div
            class="flex rounded-lg border border-gray-200 bg-white shadow-md dark:border-gray-700 dark:bg-gray-800 flex-col w-full"
            data-testid="flowbite-card"
          >
            <div
              class="flex h-full flex-col justify-center gap-4 p-6"
            >
              <h5
                class="text-base md:text-lg text-center font-bold text-primary-700"
              >
                zenn.dev
              </h5>
            </div>
          </div>
        </a>
        <a
          href="https://arata.hatenadiary.com/"
          target="_blank"
        >
          <div
            class="flex rounded-lg border border-gray-200 bg-white shadow-md dark:border-gray-700 dark:bg-gray-800 flex-col w-full"
            data-testid="flowbite-card"
          >
            <div
              class="flex h-full flex-col justify-center gap-4 p-6"
            >
              <h5
                class="text-base md:text-lg text-center font-bold text-primary-700"
              >
                はてなブログ
              </h5>
            </div>
          </div>
        </a>
      </div>
    </div>
  </section>
  <section
    class="py-8 bg-base"
    id="related-articles"
  >
    <div
      class="container mx-auto px-4"
    >
      <h2
        class="text-3xl font-bold mb-4 text-center text-primary-500"
      >
        Related Articles
      </h2>
      <div
        class="grid grid-cols-1 lg:grid-cols-2 gap-4"
      >
        <a
          href="https://zenn.dev/ara_ta3/articles/typescript-vike-ssg-getting-started"
          target="_blank"
        >
          <div
            class="flex rounded-lg border border-gray-200 bg-white shadow-md dark:border-gray-700 dark:bg-gray-800 flex-col w-full h-36"
            data-testid="flowbite-card"
          >
            <div
              class="flex h-full flex-col justify-center gap-4 p-6"
            >
              <h5
                class="text-base md:text-lg font-bold text-primary-700"
              >
                TypeScript + Vike + SSG Getting Started
              </h5>
            </div>
          </div>
        </a>
        <a
          href="https://arata.hatenadiary.com/entry/2025/01/09/174000"
          target="_blank"
        >
          <div
            class="flex rounded-lg border border-gray-200 bg-white shadow-md dark:border-gray-700 dark:bg-gray-800 flex-col w-full h-36"
            data-testid="flowbite-card"
          >
            <div
              class="flex h-full flex-col justify-center gap-4 p-6"
            >
              <h5
                class="text-base md:text-lg font-bold text-primary-700"
              >
                猫にあげる1日の餌のカロリー量とフードのグラム数を計算出来るツールを書いた
              </h5>
            </div>
          </div>
        </a>
      </div>
    </div>
  </section>
</DocumentFragment>
`;
