// Vitest Snapshot v1, https://vitest.dev/guide/snapshot.html

exports[`Header Snapshot Test > render headers 1`] = `
<DocumentFragment>
  <header
    class="flex items-center justify-between whitespace-nowrap border-b border-solid border-b-[#f1f2f4] px-10 py-3"
  >
    <div
      class="flex items-center gap-4 text-[#121416]"
    >
      <div
        class="size-4"
      >
        <svg
          fill="none"
          viewBox="0 0 48 48"
          xmlns="http://www.w3.org/2000/svg"
        >
          <path
            d="M4 4H17.3334V17.3334H30.6666V30.6666H44V44H4V4Z"
            fill="currentColor"
          />
        </svg>
      </div>
      <h2
        class="text-[#121416] text-lg font-bold leading-tight tracking-[-0.015em]"
      >
        ara-ta3のポートフォリオ
      </h2>
    </div>
    <div
      class="flex flex-1 justify-end gap-8"
    >
      <div
        class="flex items-center gap-9"
      >
        <a
          class="text-[#121416] text-sm font-medium leading-normal"
          href="#projects"
        >
          プロジェクト
        </a>
        <a
          class="text-[#121416] text-sm font-medium leading-normal"
          href="#articles"
        >
          記事
        </a>
        <a
          class="text-[#121416] text-sm font-medium leading-normal"
          href="#contact"
        >
          SNSアカウント
        </a>
      </div>
    </div>
  </header>
</DocumentFragment>
`;
