// Vitest Snapshot v1, https://vitest.dev/guide/snapshot.html

exports[`Header Snapshot Test > render headers 1`] = `
<DocumentFragment>
  <header
    class="sticky top-0 z-50 flex items-center justify-between border-b border-solid border-gray-200 bg-white px-4 py-4 sm:px-8"
  >
    <div
      class="flex items-center gap-4 "
    >
      <a
        href="/"
      >
        <img
          alt="Logo"
          class="w-16 transition-opacity hover:opacity-80 sm:w-24"
          src="/src/assets/images/logo.png"
        />
      </a>
    </div>
    <div
      class="flex flex-1 justify-end gap-8"
    >
      <div
        class="flex items-center gap-4 sm:gap-9"
      >
        <a
          class="whitespace-nowrap text-xs font-medium leading-normal text-primary-500 hover:text-primary-700 sm:text-sm"
          href="/projects"
        >
          個人開発
        </a>
        <a
          class="whitespace-nowrap text-xs font-medium leading-normal text-primary-500 hover:text-primary-700 sm:text-sm"
          href="/articles"
        >
          記事一覧
        </a>
        <a
          class="whitespace-nowrap text-xs font-medium leading-normal text-primary-500 hover:text-primary-700 sm:text-sm"
          href="/slides"
        >
          スライド
        </a>
        <a
          class="whitespace-nowrap text-xs font-medium leading-normal text-primary-500 hover:text-primary-700 sm:text-sm"
          href="/hobbies"
        >
          趣味
        </a>
      </div>
    </div>
  </header>
</DocumentFragment>
`;
